
────────────────────────────────────────────────────────────
  Processing: Task-sets-harmonic/u30  (20 task sets)
────────────────────────────────────────────────────────────
  taskset-0.csv                   U=0.300  DM=PASS  EDF=PASS
  taskset-1.csv                   U=0.300  DM=PASS  EDF=PASS
  taskset-10.csv                  U=0.300  DM=PASS  EDF=PASS
  taskset-11.csv                  U=0.300  DM=PASS  EDF=PASS
  taskset-12.csv                  U=0.300  DM=PASS  EDF=PASS
  taskset-13.csv                  U=0.300  DM=PASS  EDF=PASS
  taskset-14.csv                  U=0.299  DM=PASS  EDF=PASS
  taskset-15.csv                  U=0.300  DM=PASS  EDF=PASS
  taskset-16.csv                  U=0.300  DM=PASS  EDF=PASS
  taskset-17.csv                  U=0.300  DM=PASS  EDF=PASS
  taskset-18.csv                  U=0.300  DM=PASS  EDF=PASS
  taskset-19.csv                  U=0.300  DM=PASS  EDF=PASS
  taskset-2.csv                   U=0.300  DM=PASS  EDF=PASS
  taskset-3.csv                   U=0.300  DM=PASS  EDF=PASS
  taskset-4.csv                   U=0.301  DM=PASS  EDF=PASS
  taskset-5.csv                   U=0.300  DM=PASS  EDF=PASS
  taskset-6.csv                   U=0.300  DM=PASS  EDF=PASS
  taskset-7.csv                   U=0.300  DM=PASS  EDF=PASS
  taskset-8.csv                   U=0.300  DM=PASS  EDF=PASS
  taskset-9.csv                   U=0.300  DM=PASS  EDF=PASS

────────────────────────────────────────────────────────────
  Processing: Task-sets-harmonic/u50  (20 task sets)
────────────────────────────────────────────────────────────
  taskset-0.csv                   U=0.499  DM=PASS  EDF=PASS
  taskset-1.csv                   U=0.499  DM=PASS  EDF=PASS
  taskset-10.csv                  U=0.500  DM=PASS  EDF=PASS
  taskset-11.csv                  U=0.501  DM=PASS  EDF=PASS
  taskset-12.csv                  U=0.500  DM=PASS  EDF=PASS
  taskset-13.csv                  U=0.500  DM=PASS  EDF=PASS
  taskset-14.csv                  U=0.500  DM=PASS  EDF=PASS
  taskset-15.csv                  U=0.500  DM=PASS  EDF=PASS
  taskset-16.csv                  U=0.500  DM=PASS  EDF=PASS
  taskset-17.csv                  U=0.500  DM=PASS  EDF=PASS
  taskset-18.csv                  U=0.500  DM=PASS  EDF=PASS
  taskset-19.csv                  U=0.500  DM=PASS  EDF=PASS
  taskset-2.csv                   U=0.501  DM=PASS  EDF=PASS
  taskset-3.csv                   U=0.500  DM=PASS  EDF=PASS
  taskset-4.csv                   U=0.501  DM=PASS  EDF=PASS
  taskset-5.csv                   U=0.500  DM=PASS  EDF=PASS
  taskset-6.csv                   U=0.500  DM=PASS  EDF=PASS
  taskset-7.csv                   U=0.500  DM=PASS  EDF=PASS
  taskset-8.csv                   U=0.501  DM=PASS  EDF=PASS
  taskset-9.csv                   U=0.500  DM=PASS  EDF=PASS

────────────────────────────────────────────────────────────
  Processing: Task-sets-harmonic/u70  (20 task sets)
────────────────────────────────────────────────────────────
  taskset-0.csv                   U=0.700  DM=PASS  EDF=PASS
  taskset-1.csv                   U=0.699  DM=PASS  EDF=PASS
  taskset-10.csv                  U=0.700  DM=PASS  EDF=PASS
  taskset-11.csv                  U=0.700  DM=PASS  EDF=PASS
  taskset-12.csv                  U=0.700  DM=PASS  EDF=PASS
  taskset-13.csv                  U=0.700  DM=PASS  EDF=PASS
  taskset-14.csv                  U=0.700  DM=PASS  EDF=PASS
  taskset-15.csv                  U=0.700  DM=PASS  EDF=PASS
  taskset-16.csv                  U=0.701  DM=PASS  EDF=PASS
  taskset-17.csv                  U=0.700  DM=PASS  EDF=PASS
  taskset-18.csv                  U=0.700  DM=PASS  EDF=PASS
  taskset-19.csv                  U=0.699  DM=PASS  EDF=PASS
  taskset-2.csv                   U=0.700  DM=PASS  EDF=PASS
  taskset-3.csv                   U=0.699  DM=PASS  EDF=PASS
  taskset-4.csv                   U=0.701  DM=PASS  EDF=PASS
  taskset-5.csv                   U=0.700  DM=PASS  EDF=PASS
  taskset-6.csv                   U=0.700  DM=PASS  EDF=PASS
  taskset-7.csv                   U=0.700  DM=PASS  EDF=PASS
  taskset-8.csv                   U=0.700  DM=PASS  EDF=PASS
  taskset-9.csv                   U=0.699  DM=PASS  EDF=PASS

────────────────────────────────────────────────────────────
  Processing: Task-sets-harmonic/u90  (20 task sets)
────────────────────────────────────────────────────────────
  taskset-0.csv                   U=0.900  DM=PASS  EDF=PASS
  taskset-1.csv                   U=0.900  DM=PASS  EDF=PASS
  taskset-10.csv                  U=0.900  DM=PASS  EDF=PASS
  taskset-11.csv                  U=0.900  DM=PASS  EDF=PASS
  taskset-12.csv                  U=0.900  DM=PASS  EDF=PASS
  taskset-13.csv                  U=0.900  DM=PASS  EDF=PASS
  taskset-14.csv                  U=0.900  DM=PASS  EDF=PASS
  taskset-15.csv                  U=0.900  DM=FAIL  EDF=PASS
  taskset-16.csv                  U=0.900  DM=FAIL  EDF=PASS
  taskset-17.csv                  U=0.900  DM=PASS  EDF=PASS
  taskset-18.csv                  U=0.900  DM=PASS  EDF=PASS
  taskset-19.csv                  U=0.900  DM=FAIL  EDF=FAIL
  taskset-2.csv                   U=0.900  DM=PASS  EDF=PASS
  taskset-3.csv                   U=0.900  DM=PASS  EDF=PASS
  taskset-4.csv                   U=0.899  DM=PASS  EDF=PASS
  taskset-5.csv                   U=0.900  DM=PASS  EDF=PASS
  taskset-6.csv                   U=0.900  DM=PASS  EDF=PASS
  taskset-7.csv                   U=0.900  DM=PASS  EDF=PASS
  taskset-8.csv                   U=0.900  DM=PASS  EDF=PASS
  taskset-9.csv                   U=0.901  DM=FAIL  EDF=PASS

================================================================================
  SUMMARY TABLE
================================================================================
File                                  U      DM     EDF   Miss%
--------------------------------------------------------------------------------
taskset-0.csv                     0.300    PASS    PASS    0.0%
taskset-1.csv                     0.300    PASS    PASS    0.0%
taskset-10.csv                    0.300    PASS    PASS    0.0%
taskset-11.csv                    0.300    PASS    PASS    0.0%
taskset-12.csv                    0.300    PASS    PASS    0.0%
taskset-13.csv                    0.300    PASS    PASS    0.0%
taskset-14.csv                    0.299    PASS    PASS    0.0%
taskset-15.csv                    0.300    PASS    PASS    0.0%
taskset-16.csv                    0.300    PASS    PASS    0.0%
taskset-17.csv                    0.300    PASS    PASS    0.0%
taskset-18.csv                    0.300    PASS    PASS    0.0%
taskset-19.csv                    0.300    PASS    PASS    0.0%
taskset-2.csv                     0.300    PASS    PASS    0.0%
taskset-3.csv                     0.300    PASS    PASS    0.0%
taskset-4.csv                     0.301    PASS    PASS    0.0%
taskset-5.csv                     0.300    PASS    PASS    0.0%
taskset-6.csv                     0.300    PASS    PASS    0.0%
taskset-7.csv                     0.300    PASS    PASS    0.0%
taskset-8.csv                     0.300    PASS    PASS    0.0%
taskset-9.csv                     0.300    PASS    PASS    0.0%
taskset-0.csv                     0.499    PASS    PASS    0.0%
taskset-1.csv                     0.499    PASS    PASS    0.0%
taskset-10.csv                    0.500    PASS    PASS    0.0%
taskset-11.csv                    0.501    PASS    PASS    0.0%
taskset-12.csv                    0.500    PASS    PASS    0.0%
taskset-13.csv                    0.500    PASS    PASS    0.0%
taskset-14.csv                    0.500    PASS    PASS    0.0%
taskset-15.csv                    0.500    PASS    PASS    0.0%
taskset-16.csv                    0.500    PASS    PASS    0.0%
taskset-17.csv                    0.500    PASS    PASS    0.0%
taskset-18.csv                    0.500    PASS    PASS    0.0%
taskset-19.csv                    0.500    PASS    PASS    0.0%
taskset-2.csv                     0.501    PASS    PASS    0.0%
taskset-3.csv                     0.500    PASS    PASS    0.0%
taskset-4.csv                     0.501    PASS    PASS    0.0%
taskset-5.csv                     0.500    PASS    PASS    0.0%
taskset-6.csv                     0.500    PASS    PASS    0.0%
taskset-7.csv                     0.500    PASS    PASS    0.0%
taskset-8.csv                     0.501    PASS    PASS    0.0%
taskset-9.csv                     0.500    PASS    PASS    0.0%
taskset-0.csv                     0.700    PASS    PASS    0.0%
taskset-1.csv                     0.699    PASS    PASS    0.0%
taskset-10.csv                    0.700    PASS    PASS    0.0%
taskset-11.csv                    0.700    PASS    PASS    0.0%
taskset-12.csv                    0.700    PASS    PASS    0.0%
taskset-13.csv                    0.700    PASS    PASS    0.0%
taskset-14.csv                    0.700    PASS    PASS    0.0%
taskset-15.csv                    0.700    PASS    PASS    0.0%
taskset-16.csv                    0.701    PASS    PASS    0.0%
taskset-17.csv                    0.700    PASS    PASS    0.0%
taskset-18.csv                    0.700    PASS    PASS    0.0%
taskset-19.csv                    0.699    PASS    PASS    0.0%
taskset-2.csv                     0.700    PASS    PASS    0.0%
taskset-3.csv                     0.699    PASS    PASS    0.0%
taskset-4.csv                     0.701    PASS    PASS    0.0%
taskset-5.csv                     0.700    PASS    PASS    0.0%
taskset-6.csv                     0.700    PASS    PASS    0.0%
taskset-7.csv                     0.700    PASS    PASS    0.0%
taskset-8.csv                     0.700    PASS    PASS    0.0%
taskset-9.csv                     0.699    PASS    PASS    0.0%
taskset-0.csv                     0.900    PASS    PASS    0.0%
taskset-1.csv                     0.900    PASS    PASS    0.0%
taskset-10.csv                    0.900    PASS    PASS    0.0%
taskset-11.csv                    0.900    PASS    PASS    0.0%
taskset-12.csv                    0.900    PASS    PASS    0.0%
taskset-13.csv                    0.900    PASS    PASS    0.0%
taskset-14.csv                    0.900    PASS    PASS    0.0%
taskset-15.csv                    0.900    FAIL    PASS    0.0%
taskset-16.csv                    0.900    FAIL    PASS    0.0%
taskset-17.csv                    0.900    PASS    PASS    0.0%
taskset-18.csv                    0.900    PASS    PASS    0.0%
taskset-19.csv                    0.900    FAIL    FAIL    0.0%
taskset-2.csv                     0.900    PASS    PASS    0.0%
taskset-3.csv                     0.900    PASS    PASS    0.0%
taskset-4.csv                     0.899    PASS    PASS    0.0%
taskset-5.csv                     0.900    PASS    PASS    0.0%
taskset-6.csv                     0.900    PASS    PASS    0.0%
taskset-7.csv                     0.900    PASS    PASS    0.0%
taskset-8.csv                     0.900    PASS    PASS    0.0%
taskset-9.csv                     0.901    FAIL    PASS    0.0%
--------------------------------------------------------------------------------
  DM schedulable:  76/80 (95.0%)
  EDF schedulable: 79/80 (98.8%)
================================================================================
